// Jest Snapshot v1, https://goo.gl/fbAQLP

exports[`shows correct data 1`] = `
<div
  className="nextui-c-ijHtNE nextui-c-PJLV nextui-c-PJLV-gulvcB-isFocusVisible-false nextui-c-ijHtNE-iPJLV-css"
  onBlur={[Function]}
  onFocus={[Function]}
>
  <span
    className="nextui-c-gEEnVX nextui-c-PJLV nextui-c-gEEnVX-qXFXw-color-default nextui-c-gEEnVX-duCSmO-textColor-default nextui-c-gEEnVX-bHlgBq-size-sm nextui-c-gEEnVX-krOtXB-borderWeight-normal nextui-c-gEEnVX-bAEoQm-rounded-true nextui-c-PJLV-gulvcB-isFocusVisible-false only-text-avatar nextui-user-avatar"
    data-state="ready"
    onBlur={[Function]}
    onFocus={[Function]}
  >
    <span
      className="nextui-avatar-bg"
    />
    <span
      className="nextui-avatar-text"
    >
      Gai
    </span>
  </span>
  <div
    className="nextui-c-kNKVvs nextui-user-info"
  >
    <span
      className="nextui-c-hEcroZ nextui-user-name"
    >
      Gaizka
    </span>
    <span
      className="nextui-c-eCZQvV nextui-user-desc"
    />
  </div>
</div>
`;
